// Jest Snapshot v1, https://goo.gl/fbAQLP

exports[`pruebas en GifItem Debe hacer match con el snapshot 1`] = `
<div>
  <div
    class="card"
  >
    <img
      alt="Metal gear"
      src="https://metalgear.com/"
    />
    <p>
      Metal gear
    </p>
  </div>
</div>
`;
